Running Test #1: '파란색 볼펜 있어?'
[2026-01-16 14:48:53.516740] Analyzing text: 파란색 볼펜 있어?
[NLU] Configuring Gemini API (key loaded: True)
[2026-01-16 14:48:54.545025] Model initialized. Calling generate_content with 30s timeout...
[2026-01-16 14:48:55.837397] Response generated. Processing...
Running Test #2: '뭐 좋은거 있어?'
[2026-01-16 14:48:55.840767] Analyzing text: 뭐 좋은거 있어?
[2026-01-16 14:48:55.840767] Model initialized. Calling generate_content with 30s timeout...
[2026-01-16 14:48:57.130218] Response generated. Processing...
Running Test #3: '3000원짜리 바구니'
[2026-01-16 14:48:57.131481] Analyzing text: 3000원짜리 바구니
[2026-01-16 14:48:57.131481] Model initialized. Calling generate_content with 30s timeout...
[2026-01-16 14:48:58.528137] Response generated. Processing...
Running Test #4: '안녕 반가워'
[2026-01-16 14:48:58.528716] Analyzing text: 안녕 반가워
[2026-01-16 14:48:58.528716] Model initialized. Calling generate_content with 30s timeout...
[2026-01-16 14:48:59.631517] Response generated. Processing...
Experiment complete. Results saved to nlu_experiment_results.txt
